Menu:
	r to find a route
	b to see a list of all buildings
	q to quit

Enter an option ('m' to see the menu): # Verify that the program handles the case if the destination and source are unknown buildings
Abbreviated name of starting building: Abbreviated name of ending building: Unknown building: CSEA
Unknown building: OOG

Enter an option ('m' to see the menu): 
# All of your test scripts should end with q to terminate the program.
