# Tests if the empty graph is created

# Create a graph
created graph emptyGraph

# Print the nodes in the graph
emptyGraph contains: