# Find a path with Dijkstra's algorithm when there are 2 possible paths
# with the same cost. It will take the shorter Path in terms of nodes

loaded graph test

path from NEVERMORE to TIDEHUNTER:
NEVERMORE to LINA with weight 1.000
LINA to TIDEHUNTER with weight 1.000
total cost: 2.000